2024-01-03 11:58:49: Experiment log path in: C:\Users\30697\Desktop\UrbanComputingFinalProject\UrbanComputingFinalProject\ST-SSL\experiments\NYCBike1\20240103-115849
2024-01-03 11:58:49: Experiment configs are: Namespace(batch_size=32, best_path='None', d_input=2, d_model=64, d_output=2, data_dir='data', dataset='NYCBike1', debug=False, device='cpu', dropout=0.2, early_stop=True, early_stop_patience=15, epochs=100, grad_norm=True, graph_file='data/NYCBike1/adj_mx.npz', input_length=19, log_dir='C:\\Users\\30697\\Desktop\\UrbanComputingFinalProject\\UrbanComputingFinalProject\\ST-SSL\\experiments\\NYCBike1\\20240103-115849', lr_init=0.001, max_grad_norm=5, mode='train', nmb_prototype=6, num_nodes=128, percent=0.1, seed=31, shm_temp=0.5, temp=4, test_batch_size=32, use_dwa=True, yita=0.6)
2024-01-03 11:58:50: Traceback (most recent call last):
  File "c:\Users\30697\Desktop\UrbanComputingFinalProject\UrbanComputingFinalProject\ST-SSL\model\aug.py", line 76, in sparsity_correction
    1/0
ZeroDivisionError: division by zero

During handling of the above exception, another exception occurred:

Traceback (most recent call last):
  File "c:/Users/30697/Desktop/UrbanComputingFinalProject/UrbanComputingFinalProject/ST-SSL/main.py", line 59, in model_supervisor
    results = trainer.train() # best_eval_loss, best_epoch
  File "c:\Users\30697\Desktop\UrbanComputingFinalProject\UrbanComputingFinalProject\ST-SSL\model\trainer.py", line 109, in train
    train_epoch_loss, loss_t = self.train_epoch(epoch, loss_weights)
  File "c:\Users\30697\Desktop\UrbanComputingFinalProject\UrbanComputingFinalProject\ST-SSL\model\trainer.py", line 57, in train_epoch
    repr1, repr2 = self.model(data, self.graph) # nvc
  File "C:\Users\30697\anaconda3\envs\ST-SLL\lib\site-packages\torch\nn\modules\module.py", line 1102, in _call_impl
    return forward_call(*input, **kwargs)
  File "c:\Users\30697\Desktop\UrbanComputingFinalProject\UrbanComputingFinalProject\ST-SSL\model\models.py", line 35, in forward
    graph2 = aug_topology(s_sim_mx, graph, percent=self.args.percent*2)
  File "c:\Users\30697\Desktop\UrbanComputingFinalProject\UrbanComputingFinalProject\ST-SSL\model\aug.py", line 294, in aug_topology
    G = sparsity_correction(G, p - 0.2, sim_mx)
  File "c:\Users\30697\Desktop\UrbanComputingFinalProject\UrbanComputingFinalProject\ST-SSL\model\aug.py", line 78, in sparsity_correction
    raise ValueError(weights)
ValueError: [tensor(1.0000), tensor(1.0000), tensor(0.7424), tensor(0.9431), tensor(1.0000), tensor(0.7424), tensor(0.3699), tensor(0.3217), tensor(0.6344), tensor(0.0105), tensor(0.0855), tensor(0.8751), tensor(0.9211), tensor(0.8997), tensor(0.6627), tensor(0.8361), tensor(0.8697), tensor(0.6577), tensor(0.8475), tensor(1.0000), tensor(0.0092), tensor(0.1564), tensor(0.9570), tensor(1.0000), tensor(1.0000), tensor(-0.3391), tensor(0.7424), tensor(0.9783), tensor(0.8404), tensor(0.7424), tensor(0.8424), tensor(0.7424), tensor(0.5116), tensor(0.9205), tensor(0.6177), tensor(0.7401), tensor(0.9075), tensor(0.9314), tensor(0.6193), tensor(0.8665), tensor(0.6888), tensor(0.3737), tensor(0.8884), tensor(0.8335), tensor(0.5747), tensor(0.0561), tensor(0.9371), tensor(0.9570), tensor(0.8127), tensor(1.0000), tensor(0.9783), tensor(1.0000), tensor(0.2707), tensor(0.1904), tensor(0.9783), tensor(0.4298), tensor(-0.1804), tensor(0.3661), tensor(0.8912), tensor(0.8878), tensor(0.7124), tensor(0.8327), tensor(0.8094), tensor(0.9713), tensor(0.9080), tensor(-0.3235), tensor(0.8977), tensor(0.9285), tensor(-0.2287), tensor(0.8478), tensor(0.5894), tensor(0.5805), tensor(0.2661), tensor(0.8263), tensor(0.8174), tensor(0.5790), tensor(0.8127), tensor(0.7289), tensor(0.8127), tensor(0.8127), tensor(0.8447), tensor(1.0000), tensor(1.0000), tensor(0.2707), tensor(1.0000), tensor(1.0000), tensor(0.6544), tensor(0.2707), tensor(0.7155), tensor(0.7285), tensor(0.9632), tensor(0.8275), tensor(0.7290), tensor(0.7001), tensor(0.7746), tensor(0.9225), tensor(0.9348), tensor(0.9268), tensor(0.8891), tensor(0.5827), tensor(0.6186), tensor(-0.3599), tensor(0.3403), tensor(0.8291), tensor(0.3403), tensor(0.3403), tensor(1.0000), tensor(0.2193), tensor(1.0000), tensor(0.4029), tensor(1.0000), tensor(-0.0215), tensor(-0.3196), tensor(1.0000), tensor(-0.3495), tensor(-0.3747), tensor(0.9795), tensor(-0.3196), tensor(0.9891), tensor(0.9231), tensor(0.9700), tensor(0.9718), tensor(0.9129), tensor(0.3378), tensor(0.1147), tensor(0.9407), tensor(-0.2338), tensor(0.9532), tensor(0.9634), tensor(0.9464), tensor(0.8911), tensor(-0.0598), tensor(0.8992), tensor(0.9235), tensor(-0.0598), tensor(0.2193), tensor(0.2193), tensor(0.2193), tensor(1.0000), tensor(1.0000), tensor(1.0000), tensor(1.0000), tensor(1.0000), tensor(1.0000), tensor(-0.3495), tensor(1.0000), tensor(-0.3508), tensor(0.9858), tensor(-0.3495), tensor(0.9694), tensor(0.9912), tensor(-0.2769), tensor(0.9643), tensor(0.9603), tensor(0.9851), tensor(0.8695), tensor(0.9410), tensor(0.9370), tensor(0.8722), tensor(-0.3245), tensor(0.9465), tensor(0.9544), tensor(-0.3245), tensor(1.0000), tensor(-0.2762), tensor(1.0000), tensor(1.0000), tensor(0.8932), tensor(1.0000), tensor(1.0000), tensor(1.0000), tensor(1.0000), tensor(1.0000), tensor(1.0000), tensor(-0.3508), tensor(1.0000), tensor(-0.2031), tensor(1.0000), tensor(0.9710), tensor(-0.3508), tensor(0.9211), tensor(0.9602), tensor(0.9923), tensor(0.9471), tensor(0.9741), tensor(0.9068), tensor(0.9781), tensor(0.9677), tensor(0.6769), tensor(-0.1618), tensor(-0.2762), tensor(0.9338), tensor(0.8815), tensor(-0.2504), tensor(1.0000), tensor(0.0849), tensor(1.0000), tensor(1.0000), tensor(1.0000), tensor(1.0000), tensor(1.0000), tensor(0.9992), tensor(1.0000), tensor(1.0000), tensor(-0.2031), tensor(0.6801), tensor(-0.0215), tensor(0.4640), tensor(0.9102), tensor(0.9653), tensor(0.8928), tensor(0.9371), tensor(0.8676), tensor(0.9717), tensor(0.9386), tensor(0.7179), tensor(0.9078), tensor(0.9796), tensor(0.8276), tensor(0.8153), tensor(0.9665), tensor(0.1425), tensor(1.0000), tensor(-0.0787), tensor(0.9976), tensor(1.0000), tensor(0.9313), tensor(1.0000), tensor(0.9976), tensor(1.0000), tensor(1.0000), tensor(1.0000), tensor(1.0000), tensor(0.8586), tensor(0.6330), tensor(0.2589), tensor(0.9111), tensor(0.9092), tensor(0.8416), tensor(0.8578), tensor(0.9332), tensor(0.9156), tensor(0.6522), tensor(0.9562), tensor(0.3855), tensor(0.9058), tensor(0.8882), tensor(0.8486), tensor(0.3882), tensor(-0.0245), tensor(0.9526), tensor(0.6899), tensor(-0.0787), tensor(0.7728), tensor(0.9976), tensor(0.6582), tensor(0.9976), tensor(0.8264), tensor(1.0000), tensor(1.0000), tensor(0.7988), tensor(1.0000), tensor(0.7988), tensor(1.0000), tensor(0.5251), tensor(0.9172), tensor(0.7644), tensor(0.7727), tensor(0.7517), tensor(0.9096), tensor(0.8885), tensor(0.9381), tensor(0.9251), tensor(0.8735), tensor(0.6789), tensor(0.7715), tensor(0.9464), tensor(0.8372), tensor(0.4418), tensor(0.6099), tensor(0.9619), tensor(0.8848), tensor(0.6099), tensor(0.7988), tensor(0.8932), tensor(1.0000), tensor(0.6544), tensor(0.9809), tensor(0.9926), tensor(0.7988), tensor(0.9561), tensor(0.8339), tensor(0.8181), tensor(0.6544), tensor(0.9945), tensor(0.9115), tensor(0.9726), tensor(0.9714), tensor(0.9209), tensor(0.9425), tensor(0.9323), tensor(0.1203), tensor(0.9242), tensor(0.7878), tensor(0.2840), tensor(0.2840), tensor(0.8280), tensor(0.5188), tensor(0.5188), tensor(0.5188), tensor(0.8932), tensor(0.8932), tensor(0.8932), tensor(0.9076), tensor(0.6544), tensor(1.0000), tensor(0.9970), tensor(0.9992), tensor(0.6950), tensor(0.6827), tensor(0.6776), tensor(0.6544), tensor(0.9961), tensor(0.9945), tensor(0.9859), tensor(0.5693), tensor(-0.1187), tensor(-0.1239), tensor(0.5746), tensor(-0.1239), tensor(0.2882), tensor(1.0000), tensor(1.0000), tensor(0.8586), tensor(0.6201), tensor(1.0000), tensor(0.8586), tensor(0.6201), tensor(0.9871), tensor(0.9970), tensor(0.6201), tensor(0.9871), tensor(0.9913), tensor(0.9982), tensor(0.9918), tensor(0.9970), tensor(0.8780), tensor(0.9992), tensor(0.9945), tensor(0.9992), tensor(0.9992), tensor(1.0000), tensor(1.0000), tensor(0.6788), tensor(0.6788), tensor(0.6788), tensor(0.8586), tensor(1.0000), tensor(1.0000), tensor(0.9578), tensor(0.9486), tensor(0.7461), tensor(0.7189), tensor(0.7756), tensor(0.9354), tensor(0.7101), tensor(0.9969), tensor(0.4949), tensor(0.9960), tensor(0.9913), tensor(0.9975), tensor(0.8730), tensor(0.9945), tensor(1.0000), tensor(0.8242), tensor(0.9887), tensor(0.9951), tensor(1.0000), tensor(0.9887), tensor(0.9313), tensor(1.0000), tensor(1.0000), tensor(1.0000), tensor(0.9578), tensor(1.0000), tensor(1.0000), tensor(0.9460), tensor(0.5790), tensor(0.9578), tensor(0.9843), tensor(0.9857), tensor(0.4778), tensor(0.6009), tensor(0.6845), tensor(0.6916), tensor(0.8731), tensor(0.9485), tensor(0.9527), tensor(0.9628), tensor(0.8952), tensor(0.9157), tensor(0.9122), tensor(0.9965), tensor(0.9712), tensor(0.9979), tensor(0.9933), tensor(0.9928), tensor(0.9980), tensor(1.0000), tensor(1.0000), tensor(1.0000), tensor(0.9460), tensor(1.0000), tensor(1.0000), tensor(1.0000), tensor(0.9831), tensor(0.9460), tensor(0.9460), tensor(0.9460), tensor(0.9715), tensor(0.9103), tensor(0.9103), tensor(0.9853), tensor(0.9687), tensor(0.9068), tensor(0.9670), tensor(0.9424), tensor(0.9730), tensor(0.9665), tensor(0.9811), tensor(0.9872), tensor(0.9943), tensor(0.9976), tensor(0.9970), tensor(0.9872), tensor(0.9877), tensor(1.0000), tensor(1.0000), tensor(1.0000), tensor(0.8472), tensor(0.9018), tensor(0.9982)]

